[2025-12-13 15:32:38] [INFO] ✅ EXPERIMENT COMPLETED: phase5_reranking_clapnq
   Recall@10: 0.4319
   nDCG@10: 0.3250
   Results saved to: experiments/retrieval/phase5_reranking_clapnq/results.json
[2025-12-13 15:33:00] [INFO] ✅ EXPERIMENT COMPLETED: phase5_reranking_clapnq
   Recall@10: 0.4319
   nDCG@10: 0.3250
   Results saved to: experiments/retrieval/phase5_reranking_clapnq/results.json
[2025-12-13 21:17:38] [INFO] ✅ EXPERIMENT COMPLETED: phase5_ensemble_domain_specific
   Recall@10: 0.5441
   nDCG@10: 0.4539
   Results saved to: experiments/retrieval/phase5_ensemble_domain_specific/results.json
[2025-12-13 21:18:00] [INFO] ✅ EXPERIMENT COMPLETED: phase5_ensemble_domain_specific
   Recall@10: 0.5441
   nDCG@10: 0.4539
   Results saved to: experiments/retrieval/phase5_ensemble_domain_specific/results.json
[2025-12-13 22:52:38] [INFO] ✅ EXPERIMENT COMPLETED: phase5_ensemble_weighted
   Recall@10: 0.5284
   nDCG@10: 0.4370
   Results saved to: experiments/retrieval/phase5_ensemble_weighted/results.json
[2025-12-13 22:53:00] [INFO] ✅ EXPERIMENT COMPLETED: phase5_ensemble_weighted
   Recall@10: 0.5284
   nDCG@10: 0.4370
   Results saved to: experiments/retrieval/phase5_ensemble_weighted/results.json
[2025-12-15 02:58:01] [ERROR] ❌ EXPERIMENT FAILED: phase5_domain_specific_govt_hard_negatives
   Error: 2025-12-15 02:57:40 - Recall@10: 22.94%
2025-12-15 02:57:40 - MRR@10: 0.2381
2025-12-15 02:57:40 - NDCG@10: 0.1857
2025-12-15 02:57:40 - MAP@100: 0.1469

                                                 

100%|██████████| 125/125 [1:06:10<00:00,  1.61s/it]
100%|██████████| 125/125 [1:06:10<00:00, 31.76s/it]
2025-12-15 02:57:40 - ✅ Model saved to: ./models/domain_specific_govt_hard_negatives
   Check logs: experiments/retrieval/phase5_domain_specific_govt_hard_negatives/

[2025-12-15 03:02:39] [ERROR] ❌ EXPERIMENT FAILED: phase5_domain_specific_govt_hard_negatives
   Error: 2025-12-15 02:57:40 - Recall@10: 22.94%
2025-12-15 02:57:40 - MRR@10: 0.2381
2025-12-15 02:57:40 - NDCG@10: 0.1857
2025-12-15 02:57:40 - MAP@100: 0.1469

                                                 

100%|██████████| 125/125 [1:06:10<00:00,  1.61s/it]
100%|██████████| 125/125 [1:06:10<00:00, 31.76s/it]
2025-12-15 02:57:40 - ✅ Model saved to: ./models/domain_specific_govt_hard_negatives
   Check logs: experiments/retrieval/phase5_domain_specific_govt_hard_negatives/

[2025-12-15 13:38:01] [ERROR] ❌ EXPERIMENT FAILED: phase5_domain_specific_clapnq_hard_negatives
   Error: 2025-12-15 13:37:45 - Recall@10: 31.72%
2025-12-15 13:37:45 - MRR@10: 0.3398
2025-12-15 13:37:45 - NDCG@10: 0.2585
2025-12-15 13:37:45 - MAP@100: 0.2053

                                                 

100%|██████████| 135/135 [50:28<00:00,  1.14it/s]
100%|██████████| 135/135 [50:28<00:00, 22.44s/it]
2025-12-15 13:37:45 - ✅ Model saved to: ./models/domain_specific_clapnq_hard_negatives
   Check logs: experiments/retrieval/phase5_domain_specific_clapnq_hard_negatives/

[2025-12-15 13:42:39] [ERROR] ❌ EXPERIMENT FAILED: phase5_domain_specific_clapnq_hard_negatives
   Error: 2025-12-15 13:37:45 - Recall@10: 31.72%
2025-12-15 13:37:45 - MRR@10: 0.3398
2025-12-15 13:37:45 - NDCG@10: 0.2585
2025-12-15 13:37:45 - MAP@100: 0.2053

                                                 

100%|██████████| 135/135 [50:28<00:00,  1.14it/s]
100%|██████████| 135/135 [50:28<00:00, 22.44s/it]
2025-12-15 13:37:45 - ✅ Model saved to: ./models/domain_specific_clapnq_hard_negatives
   Check logs: experiments/retrieval/phase5_domain_specific_clapnq_hard_negatives/

