
============================================================
Phase 7 Experiment Manager
============================================================
Total experiments: 1
Max parallel: 6
============================================================

🚀 Starting phase7_conversation_aware_attention on GPU 0...
   Command: python train_conversation_aware_retrieval.py --config experiments/retrieval/phase7_conversation_aware_attention/config.json --gpu_id 0 --resume
   Log: experiments/retrieval/phase7_conversation_aware_attention/training.log
   ✅ Started with PID: 2715561
⚠️  Error detected in phase7_conversation_aware_attention: 2025-12-16 23:04:38 - ❌ Experiment failed: 'SentenceBERT' object has no attribute 'encode'

⚠️  1 experiment(s) failed:
   - phase7_conversation_aware_attention: None, 2025-12-16 23:04:38 - ❌ Experiment failed: 'SentenceBERT' object has no attribute 'encode'

💡 Check logs for details. You can resume failed experiments.
❌ phase7_conversation_aware_attention failed (exit code: 1)
   Error: 2025-12-16 23:04:38 - ❌ Experiment failed: 'SentenceBERT' object has no attribute 'encode'

⚠️  1 experiment(s) failed:
   - phase7_conversation_aware_attention: 1, 2025-12-16 23:04:38 - ❌ Experiment failed: 'SentenceBERT' object has no attribute 'encode'

💡 Check logs for details. You can resume failed experiments.

✅ All experiments completed or failed

============================================================
Experiment Summary
============================================================
Completed: 0
Failed: 1
Running: 0

❌ Failed:
   - phase7_conversation_aware_attention
