2025-12-23 02:32:44 - Set CUDA_VISIBLE_DEVICES=5
Traceback (most recent call last):
  File "/home/prevanka/prati/su-mt-rag/mt-rag-benchmark/train_graph_enhanced_reranking_tier1.py", line 71, in <module>
    main()
    ~~~~^^
  File "/home/prevanka/prati/su-mt-rag/mt-rag-benchmark/train_graph_enhanced_reranking_tier1.py", line 33, in main
    from train_graph_enhanced_reranking import train_graph_enhanced_reranking
  File "/home/prevanka/prati/su-mt-rag/mt-rag-benchmark/train_graph_enhanced_reranking.py", line 265
    logging.info(f"Epoch {epoch+1}/{epochs}, Loss: {total_loss/len(dataloader):.4f}")
IndentationError: unexpected indent
2025-12-24 12:39:07 - Set CUDA_VISIBLE_DEVICES=3
Traceback (most recent call last):
  File "/home/prevanka/prati/su-mt-rag/mt-rag-benchmark/train_graph_enhanced_reranking_tier1.py", line 71, in <module>
    main()
    ~~~~^^
  File "/home/prevanka/prati/su-mt-rag/mt-rag-benchmark/train_graph_enhanced_reranking_tier1.py", line 33, in main
    from train_graph_enhanced_reranking import train_graph_enhanced_reranking
  File "/home/prevanka/prati/su-mt-rag/mt-rag-benchmark/train_graph_enhanced_reranking.py", line 265
    logging.info(f"Epoch {epoch+1}/{epochs}, Loss: {total_loss/len(dataloader):.4f}")
IndentationError: unexpected indent
2025-12-25 11:37:16 - Set CUDA_VISIBLE_DEVICES=5
Traceback (most recent call last):
  File "/home/prevanka/prati/su-mt-rag/mt-rag-benchmark/train_graph_enhanced_reranking_tier1.py", line 71, in <module>
    main()
    ~~~~^^
  File "/home/prevanka/prati/su-mt-rag/mt-rag-benchmark/train_graph_enhanced_reranking_tier1.py", line 33, in main
    from train_graph_enhanced_reranking import train_graph_enhanced_reranking
  File "/home/prevanka/prati/su-mt-rag/mt-rag-benchmark/train_graph_enhanced_reranking.py", line 265
    logging.info(f"Epoch {epoch+1}/{epochs}, Loss: {total_loss/len(dataloader):.4f}")
IndentationError: unexpected indent
2025-12-25 21:58:09 - Set CUDA_VISIBLE_DEVICES=5
Traceback (most recent call last):
  File "/home/prevanka/prati/su-mt-rag/mt-rag-benchmark/train_graph_enhanced_reranking_tier1.py", line 71, in <module>
    main()
    ~~~~^^
  File "/home/prevanka/prati/su-mt-rag/mt-rag-benchmark/train_graph_enhanced_reranking_tier1.py", line 33, in main
    from train_graph_enhanced_reranking import train_graph_enhanced_reranking
  File "/home/prevanka/prati/su-mt-rag/mt-rag-benchmark/train_graph_enhanced_reranking.py", line 277
    logging.info(f"Epoch {epoch+1}/{epochs}, Loss: {total_loss/len(dataloader):.4f}")
IndentationError: unexpected indent
2025-12-27 14:15:00 - Set CUDA_VISIBLE_DEVICES=5
Traceback (most recent call last):
  File "/home/prevanka/prati/su-mt-rag/mt-rag-benchmark/train_graph_enhanced_reranking_tier1.py", line 71, in <module>
    main()
    ~~~~^^
  File "/home/prevanka/prati/su-mt-rag/mt-rag-benchmark/train_graph_enhanced_reranking_tier1.py", line 33, in main
    from train_graph_enhanced_reranking import train_graph_enhanced_reranking
  File "/home/prevanka/prati/su-mt-rag/mt-rag-benchmark/train_graph_enhanced_reranking.py", line 277
    logging.info(f"Epoch {epoch+1}/{epochs}, Loss: {total_loss/len(dataloader):.4f}")
IndentationError: unexpected indent
2025-12-30 05:36:37 - Set CUDA_VISIBLE_DEVICES=4
Traceback (most recent call last):
  File "/home/prevanka/prati/su-mt-rag/mt-rag-benchmark/train_graph_enhanced_reranking_tier1.py", line 71, in <module>
    main()
    ~~~~^^
  File "/home/prevanka/prati/su-mt-rag/mt-rag-benchmark/train_graph_enhanced_reranking_tier1.py", line 33, in main
    from train_graph_enhanced_reranking import train_graph_enhanced_reranking
  File "/home/prevanka/prati/su-mt-rag/mt-rag-benchmark/train_graph_enhanced_reranking.py", line 277
    logging.info(f"Epoch {epoch+1}/{epochs}, Loss: {total_loss/len(dataloader):.4f}")
IndentationError: unexpected indent
2025-12-30 15:20:39 - Set CUDA_VISIBLE_DEVICES=2
Traceback (most recent call last):
  File "/home/prevanka/prati/su-mt-rag/mt-rag-benchmark/train_graph_enhanced_reranking_tier1.py", line 71, in <module>
    main()
    ~~~~^^
  File "/home/prevanka/prati/su-mt-rag/mt-rag-benchmark/train_graph_enhanced_reranking_tier1.py", line 33, in main
    from train_graph_enhanced_reranking import train_graph_enhanced_reranking
  File "/home/prevanka/prati/su-mt-rag/mt-rag-benchmark/train_graph_enhanced_reranking.py", line 277
    logging.info(f"Epoch {epoch+1}/{epochs}, Loss: {total_loss/len(dataloader):.4f}")
IndentationError: unexpected indent
2025-12-30 15:21:40 - Set CUDA_VISIBLE_DEVICES=2
Traceback (most recent call last):
  File "/home/prevanka/prati/su-mt-rag/mt-rag-benchmark/train_graph_enhanced_reranking_tier1.py", line 71, in <module>
    main()
    ~~~~^^
  File "/home/prevanka/prati/su-mt-rag/mt-rag-benchmark/train_graph_enhanced_reranking_tier1.py", line 33, in main
    from train_graph_enhanced_reranking import train_graph_enhanced_reranking
  File "/home/prevanka/prati/su-mt-rag/mt-rag-benchmark/train_graph_enhanced_reranking.py", line 277
    logging.info(f"Epoch {epoch+1}/{epochs}, Loss: {total_loss/len(dataloader):.4f}")
IndentationError: unexpected indent
2025-12-30 15:22:41 - Set CUDA_VISIBLE_DEVICES=2
Traceback (most recent call last):
  File "/home/prevanka/prati/su-mt-rag/mt-rag-benchmark/train_graph_enhanced_reranking_tier1.py", line 71, in <module>
    main()
    ~~~~^^
  File "/home/prevanka/prati/su-mt-rag/mt-rag-benchmark/train_graph_enhanced_reranking_tier1.py", line 33, in main
    from train_graph_enhanced_reranking import train_graph_enhanced_reranking
  File "/home/prevanka/prati/su-mt-rag/mt-rag-benchmark/train_graph_enhanced_reranking.py", line 277
    logging.info(f"Epoch {epoch+1}/{epochs}, Loss: {total_loss/len(dataloader):.4f}")
IndentationError: unexpected indent
2025-12-30 15:23:42 - Set CUDA_VISIBLE_DEVICES=2
Traceback (most recent call last):
  File "/home/prevanka/prati/su-mt-rag/mt-rag-benchmark/train_graph_enhanced_reranking_tier1.py", line 71, in <module>
    main()
    ~~~~^^
  File "/home/prevanka/prati/su-mt-rag/mt-rag-benchmark/train_graph_enhanced_reranking_tier1.py", line 33, in main
    from train_graph_enhanced_reranking import train_graph_enhanced_reranking
  File "/home/prevanka/prati/su-mt-rag/mt-rag-benchmark/train_graph_enhanced_reranking.py", line 277
    logging.info(f"Epoch {epoch+1}/{epochs}, Loss: {total_loss/len(dataloader):.4f}")
IndentationError: unexpected indent
2025-12-30 15:24:43 - Set CUDA_VISIBLE_DEVICES=2
Traceback (most recent call last):
  File "/home/prevanka/prati/su-mt-rag/mt-rag-benchmark/train_graph_enhanced_reranking_tier1.py", line 71, in <module>
    main()
    ~~~~^^
  File "/home/prevanka/prati/su-mt-rag/mt-rag-benchmark/train_graph_enhanced_reranking_tier1.py", line 33, in main
    from train_graph_enhanced_reranking import train_graph_enhanced_reranking
  File "/home/prevanka/prati/su-mt-rag/mt-rag-benchmark/train_graph_enhanced_reranking.py", line 277
    logging.info(f"Epoch {epoch+1}/{epochs}, Loss: {total_loss/len(dataloader):.4f}")
IndentationError: unexpected indent
2025-12-30 15:25:44 - Set CUDA_VISIBLE_DEVICES=2
Traceback (most recent call last):
  File "/home/prevanka/prati/su-mt-rag/mt-rag-benchmark/train_graph_enhanced_reranking_tier1.py", line 71, in <module>
    main()
    ~~~~^^
  File "/home/prevanka/prati/su-mt-rag/mt-rag-benchmark/train_graph_enhanced_reranking_tier1.py", line 33, in main
    from train_graph_enhanced_reranking import train_graph_enhanced_reranking
  File "/home/prevanka/prati/su-mt-rag/mt-rag-benchmark/train_graph_enhanced_reranking.py", line 277
    logging.info(f"Epoch {epoch+1}/{epochs}, Loss: {total_loss/len(dataloader):.4f}")
IndentationError: unexpected indent
2025-12-30 15:26:45 - Set CUDA_VISIBLE_DEVICES=2
Traceback (most recent call last):
  File "/home/prevanka/prati/su-mt-rag/mt-rag-benchmark/train_graph_enhanced_reranking_tier1.py", line 71, in <module>
    main()
    ~~~~^^
  File "/home/prevanka/prati/su-mt-rag/mt-rag-benchmark/train_graph_enhanced_reranking_tier1.py", line 33, in main
    from train_graph_enhanced_reranking import train_graph_enhanced_reranking
  File "/home/prevanka/prati/su-mt-rag/mt-rag-benchmark/train_graph_enhanced_reranking.py", line 277
    logging.info(f"Epoch {epoch+1}/{epochs}, Loss: {total_loss/len(dataloader):.4f}")
IndentationError: unexpected indent
2025-12-30 15:27:46 - Set CUDA_VISIBLE_DEVICES=2
Traceback (most recent call last):
  File "/home/prevanka/prati/su-mt-rag/mt-rag-benchmark/train_graph_enhanced_reranking_tier1.py", line 71, in <module>
    main()
    ~~~~^^
  File "/home/prevanka/prati/su-mt-rag/mt-rag-benchmark/train_graph_enhanced_reranking_tier1.py", line 33, in main
    from train_graph_enhanced_reranking import train_graph_enhanced_reranking
  File "/home/prevanka/prati/su-mt-rag/mt-rag-benchmark/train_graph_enhanced_reranking.py", line 277
    logging.info(f"Epoch {epoch+1}/{epochs}, Loss: {total_loss/len(dataloader):.4f}")
IndentationError: unexpected indent
2025-12-30 15:28:47 - Set CUDA_VISIBLE_DEVICES=2
Traceback (most recent call last):
  File "/home/prevanka/prati/su-mt-rag/mt-rag-benchmark/train_graph_enhanced_reranking_tier1.py", line 71, in <module>
    main()
    ~~~~^^
  File "/home/prevanka/prati/su-mt-rag/mt-rag-benchmark/train_graph_enhanced_reranking_tier1.py", line 33, in main
    from train_graph_enhanced_reranking import train_graph_enhanced_reranking
  File "/home/prevanka/prati/su-mt-rag/mt-rag-benchmark/train_graph_enhanced_reranking.py", line 277
    logging.info(f"Epoch {epoch+1}/{epochs}, Loss: {total_loss/len(dataloader):.4f}")
IndentationError: unexpected indent
2025-12-30 15:29:48 - Set CUDA_VISIBLE_DEVICES=2
Traceback (most recent call last):
  File "/home/prevanka/prati/su-mt-rag/mt-rag-benchmark/train_graph_enhanced_reranking_tier1.py", line 71, in <module>
    main()
    ~~~~^^
  File "/home/prevanka/prati/su-mt-rag/mt-rag-benchmark/train_graph_enhanced_reranking_tier1.py", line 33, in main
    from train_graph_enhanced_reranking import train_graph_enhanced_reranking
  File "/home/prevanka/prati/su-mt-rag/mt-rag-benchmark/train_graph_enhanced_reranking.py", line 277
    logging.info(f"Epoch {epoch+1}/{epochs}, Loss: {total_loss/len(dataloader):.4f}")
IndentationError: unexpected indent
2025-12-30 15:30:49 - Set CUDA_VISIBLE_DEVICES=2
Traceback (most recent call last):
  File "/home/prevanka/prati/su-mt-rag/mt-rag-benchmark/train_graph_enhanced_reranking_tier1.py", line 71, in <module>
    main()
    ~~~~^^
  File "/home/prevanka/prati/su-mt-rag/mt-rag-benchmark/train_graph_enhanced_reranking_tier1.py", line 33, in main
    from train_graph_enhanced_reranking import train_graph_enhanced_reranking
  File "/home/prevanka/prati/su-mt-rag/mt-rag-benchmark/train_graph_enhanced_reranking.py", line 277
    logging.info(f"Epoch {epoch+1}/{epochs}, Loss: {total_loss/len(dataloader):.4f}")
IndentationError: unexpected indent
2025-12-30 15:31:51 - Set CUDA_VISIBLE_DEVICES=2
Traceback (most recent call last):
  File "/home/prevanka/prati/su-mt-rag/mt-rag-benchmark/train_graph_enhanced_reranking_tier1.py", line 71, in <module>
    main()
    ~~~~^^
  File "/home/prevanka/prati/su-mt-rag/mt-rag-benchmark/train_graph_enhanced_reranking_tier1.py", line 33, in main
    from train_graph_enhanced_reranking import train_graph_enhanced_reranking
  File "/home/prevanka/prati/su-mt-rag/mt-rag-benchmark/train_graph_enhanced_reranking.py", line 277
    logging.info(f"Epoch {epoch+1}/{epochs}, Loss: {total_loss/len(dataloader):.4f}")
IndentationError: unexpected indent
2025-12-30 15:32:52 - Set CUDA_VISIBLE_DEVICES=2
Traceback (most recent call last):
  File "/home/prevanka/prati/su-mt-rag/mt-rag-benchmark/train_graph_enhanced_reranking_tier1.py", line 71, in <module>
    main()
    ~~~~^^
  File "/home/prevanka/prati/su-mt-rag/mt-rag-benchmark/train_graph_enhanced_reranking_tier1.py", line 33, in main
    from train_graph_enhanced_reranking import train_graph_enhanced_reranking
  File "/home/prevanka/prati/su-mt-rag/mt-rag-benchmark/train_graph_enhanced_reranking.py", line 277
    logging.info(f"Epoch {epoch+1}/{epochs}, Loss: {total_loss/len(dataloader):.4f}")
IndentationError: unexpected indent
2025-12-30 15:33:53 - Set CUDA_VISIBLE_DEVICES=2
Traceback (most recent call last):
  File "/home/prevanka/prati/su-mt-rag/mt-rag-benchmark/train_graph_enhanced_reranking_tier1.py", line 71, in <module>
    main()
    ~~~~^^
  File "/home/prevanka/prati/su-mt-rag/mt-rag-benchmark/train_graph_enhanced_reranking_tier1.py", line 33, in main
    from train_graph_enhanced_reranking import train_graph_enhanced_reranking
  File "/home/prevanka/prati/su-mt-rag/mt-rag-benchmark/train_graph_enhanced_reranking.py", line 277
    logging.info(f"Epoch {epoch+1}/{epochs}, Loss: {total_loss/len(dataloader):.4f}")
IndentationError: unexpected indent
2025-12-30 15:34:54 - Set CUDA_VISIBLE_DEVICES=2
Traceback (most recent call last):
  File "/home/prevanka/prati/su-mt-rag/mt-rag-benchmark/train_graph_enhanced_reranking_tier1.py", line 71, in <module>
    main()
    ~~~~^^
  File "/home/prevanka/prati/su-mt-rag/mt-rag-benchmark/train_graph_enhanced_reranking_tier1.py", line 33, in main
    from train_graph_enhanced_reranking import train_graph_enhanced_reranking
  File "/home/prevanka/prati/su-mt-rag/mt-rag-benchmark/train_graph_enhanced_reranking.py", line 277
    logging.info(f"Epoch {epoch+1}/{epochs}, Loss: {total_loss/len(dataloader):.4f}")
IndentationError: unexpected indent
2025-12-30 15:35:55 - Set CUDA_VISIBLE_DEVICES=2
Traceback (most recent call last):
  File "/home/prevanka/prati/su-mt-rag/mt-rag-benchmark/train_graph_enhanced_reranking_tier1.py", line 71, in <module>
    main()
    ~~~~^^
  File "/home/prevanka/prati/su-mt-rag/mt-rag-benchmark/train_graph_enhanced_reranking_tier1.py", line 33, in main
    from train_graph_enhanced_reranking import train_graph_enhanced_reranking
  File "/home/prevanka/prati/su-mt-rag/mt-rag-benchmark/train_graph_enhanced_reranking.py", line 277
    logging.info(f"Epoch {epoch+1}/{epochs}, Loss: {total_loss/len(dataloader):.4f}")
IndentationError: unexpected indent
2025-12-30 15:36:56 - Set CUDA_VISIBLE_DEVICES=2
Traceback (most recent call last):
  File "/home/prevanka/prati/su-mt-rag/mt-rag-benchmark/train_graph_enhanced_reranking_tier1.py", line 71, in <module>
    main()
    ~~~~^^
  File "/home/prevanka/prati/su-mt-rag/mt-rag-benchmark/train_graph_enhanced_reranking_tier1.py", line 33, in main
    from train_graph_enhanced_reranking import train_graph_enhanced_reranking
  File "/home/prevanka/prati/su-mt-rag/mt-rag-benchmark/train_graph_enhanced_reranking.py", line 277
    logging.info(f"Epoch {epoch+1}/{epochs}, Loss: {total_loss/len(dataloader):.4f}")
IndentationError: unexpected indent
2025-12-30 15:37:57 - Set CUDA_VISIBLE_DEVICES=2
Traceback (most recent call last):
  File "/home/prevanka/prati/su-mt-rag/mt-rag-benchmark/train_graph_enhanced_reranking_tier1.py", line 71, in <module>
    main()
    ~~~~^^
  File "/home/prevanka/prati/su-mt-rag/mt-rag-benchmark/train_graph_enhanced_reranking_tier1.py", line 33, in main
    from train_graph_enhanced_reranking import train_graph_enhanced_reranking
  File "/home/prevanka/prati/su-mt-rag/mt-rag-benchmark/train_graph_enhanced_reranking.py", line 277
    logging.info(f"Epoch {epoch+1}/{epochs}, Loss: {total_loss/len(dataloader):.4f}")
IndentationError: unexpected indent
2025-12-30 15:38:58 - Set CUDA_VISIBLE_DEVICES=2
Traceback (most recent call last):
  File "/home/prevanka/prati/su-mt-rag/mt-rag-benchmark/train_graph_enhanced_reranking_tier1.py", line 71, in <module>
    main()
    ~~~~^^
  File "/home/prevanka/prati/su-mt-rag/mt-rag-benchmark/train_graph_enhanced_reranking_tier1.py", line 33, in main
    from train_graph_enhanced_reranking import train_graph_enhanced_reranking
  File "/home/prevanka/prati/su-mt-rag/mt-rag-benchmark/train_graph_enhanced_reranking.py", line 277
    logging.info(f"Epoch {epoch+1}/{epochs}, Loss: {total_loss/len(dataloader):.4f}")
IndentationError: unexpected indent
2025-12-30 15:39:59 - Set CUDA_VISIBLE_DEVICES=2
Traceback (most recent call last):
  File "/home/prevanka/prati/su-mt-rag/mt-rag-benchmark/train_graph_enhanced_reranking_tier1.py", line 71, in <module>
    main()
    ~~~~^^
  File "/home/prevanka/prati/su-mt-rag/mt-rag-benchmark/train_graph_enhanced_reranking_tier1.py", line 33, in main
    from train_graph_enhanced_reranking import train_graph_enhanced_reranking
  File "/home/prevanka/prati/su-mt-rag/mt-rag-benchmark/train_graph_enhanced_reranking.py", line 277
    logging.info(f"Epoch {epoch+1}/{epochs}, Loss: {total_loss/len(dataloader):.4f}")
IndentationError: unexpected indent
2025-12-30 15:41:00 - Set CUDA_VISIBLE_DEVICES=2
Traceback (most recent call last):
  File "/home/prevanka/prati/su-mt-rag/mt-rag-benchmark/train_graph_enhanced_reranking_tier1.py", line 71, in <module>
    main()
    ~~~~^^
  File "/home/prevanka/prati/su-mt-rag/mt-rag-benchmark/train_graph_enhanced_reranking_tier1.py", line 33, in main
    from train_graph_enhanced_reranking import train_graph_enhanced_reranking
  File "/home/prevanka/prati/su-mt-rag/mt-rag-benchmark/train_graph_enhanced_reranking.py", line 277
    logging.info(f"Epoch {epoch+1}/{epochs}, Loss: {total_loss/len(dataloader):.4f}")
IndentationError: unexpected indent
2025-12-30 15:42:02 - Set CUDA_VISIBLE_DEVICES=2
Traceback (most recent call last):
  File "/home/prevanka/prati/su-mt-rag/mt-rag-benchmark/train_graph_enhanced_reranking_tier1.py", line 71, in <module>
    main()
    ~~~~^^
  File "/home/prevanka/prati/su-mt-rag/mt-rag-benchmark/train_graph_enhanced_reranking_tier1.py", line 33, in main
    from train_graph_enhanced_reranking import train_graph_enhanced_reranking
  File "/home/prevanka/prati/su-mt-rag/mt-rag-benchmark/train_graph_enhanced_reranking.py", line 277
    logging.info(f"Epoch {epoch+1}/{epochs}, Loss: {total_loss/len(dataloader):.4f}")
IndentationError: unexpected indent
2025-12-30 15:43:03 - Set CUDA_VISIBLE_DEVICES=2
Traceback (most recent call last):
  File "/home/prevanka/prati/su-mt-rag/mt-rag-benchmark/train_graph_enhanced_reranking_tier1.py", line 71, in <module>
    main()
    ~~~~^^
  File "/home/prevanka/prati/su-mt-rag/mt-rag-benchmark/train_graph_enhanced_reranking_tier1.py", line 33, in main
    from train_graph_enhanced_reranking import train_graph_enhanced_reranking
  File "/home/prevanka/prati/su-mt-rag/mt-rag-benchmark/train_graph_enhanced_reranking.py", line 277
    logging.info(f"Epoch {epoch+1}/{epochs}, Loss: {total_loss/len(dataloader):.4f}")
IndentationError: unexpected indent
2025-12-30 15:44:04 - Set CUDA_VISIBLE_DEVICES=2
Traceback (most recent call last):
  File "/home/prevanka/prati/su-mt-rag/mt-rag-benchmark/train_graph_enhanced_reranking_tier1.py", line 71, in <module>
    main()
    ~~~~^^
  File "/home/prevanka/prati/su-mt-rag/mt-rag-benchmark/train_graph_enhanced_reranking_tier1.py", line 33, in main
    from train_graph_enhanced_reranking import train_graph_enhanced_reranking
  File "/home/prevanka/prati/su-mt-rag/mt-rag-benchmark/train_graph_enhanced_reranking.py", line 277
    logging.info(f"Epoch {epoch+1}/{epochs}, Loss: {total_loss/len(dataloader):.4f}")
IndentationError: unexpected indent
2025-12-30 15:45:05 - Set CUDA_VISIBLE_DEVICES=2
Traceback (most recent call last):
  File "/home/prevanka/prati/su-mt-rag/mt-rag-benchmark/train_graph_enhanced_reranking_tier1.py", line 71, in <module>
    main()
    ~~~~^^
  File "/home/prevanka/prati/su-mt-rag/mt-rag-benchmark/train_graph_enhanced_reranking_tier1.py", line 33, in main
    from train_graph_enhanced_reranking import train_graph_enhanced_reranking
  File "/home/prevanka/prati/su-mt-rag/mt-rag-benchmark/train_graph_enhanced_reranking.py", line 277
    logging.info(f"Epoch {epoch+1}/{epochs}, Loss: {total_loss/len(dataloader):.4f}")
IndentationError: unexpected indent
2025-12-30 15:46:06 - Set CUDA_VISIBLE_DEVICES=2
Traceback (most recent call last):
  File "/home/prevanka/prati/su-mt-rag/mt-rag-benchmark/train_graph_enhanced_reranking_tier1.py", line 71, in <module>
    main()
    ~~~~^^
  File "/home/prevanka/prati/su-mt-rag/mt-rag-benchmark/train_graph_enhanced_reranking_tier1.py", line 33, in main
    from train_graph_enhanced_reranking import train_graph_enhanced_reranking
  File "/home/prevanka/prati/su-mt-rag/mt-rag-benchmark/train_graph_enhanced_reranking.py", line 277
    logging.info(f"Epoch {epoch+1}/{epochs}, Loss: {total_loss/len(dataloader):.4f}")
IndentationError: unexpected indent
2025-12-30 15:47:07 - Set CUDA_VISIBLE_DEVICES=2
Traceback (most recent call last):
  File "/home/prevanka/prati/su-mt-rag/mt-rag-benchmark/train_graph_enhanced_reranking_tier1.py", line 71, in <module>
    main()
    ~~~~^^
  File "/home/prevanka/prati/su-mt-rag/mt-rag-benchmark/train_graph_enhanced_reranking_tier1.py", line 33, in main
    from train_graph_enhanced_reranking import train_graph_enhanced_reranking
  File "/home/prevanka/prati/su-mt-rag/mt-rag-benchmark/train_graph_enhanced_reranking.py", line 277
    logging.info(f"Epoch {epoch+1}/{epochs}, Loss: {total_loss/len(dataloader):.4f}")
IndentationError: unexpected indent
2025-12-30 15:48:09 - Set CUDA_VISIBLE_DEVICES=2
Traceback (most recent call last):
  File "/home/prevanka/prati/su-mt-rag/mt-rag-benchmark/train_graph_enhanced_reranking_tier1.py", line 71, in <module>
    main()
    ~~~~^^
  File "/home/prevanka/prati/su-mt-rag/mt-rag-benchmark/train_graph_enhanced_reranking_tier1.py", line 33, in main
    from train_graph_enhanced_reranking import train_graph_enhanced_reranking
  File "/home/prevanka/prati/su-mt-rag/mt-rag-benchmark/train_graph_enhanced_reranking.py", line 277
    logging.info(f"Epoch {epoch+1}/{epochs}, Loss: {total_loss/len(dataloader):.4f}")
IndentationError: unexpected indent
2025-12-30 15:49:10 - Set CUDA_VISIBLE_DEVICES=2
Traceback (most recent call last):
  File "/home/prevanka/prati/su-mt-rag/mt-rag-benchmark/train_graph_enhanced_reranking_tier1.py", line 71, in <module>
    main()
    ~~~~^^
  File "/home/prevanka/prati/su-mt-rag/mt-rag-benchmark/train_graph_enhanced_reranking_tier1.py", line 33, in main
    from train_graph_enhanced_reranking import train_graph_enhanced_reranking
  File "/home/prevanka/prati/su-mt-rag/mt-rag-benchmark/train_graph_enhanced_reranking.py", line 277
    logging.info(f"Epoch {epoch+1}/{epochs}, Loss: {total_loss/len(dataloader):.4f}")
IndentationError: unexpected indent
2025-12-30 15:50:12 - Set CUDA_VISIBLE_DEVICES=2
Traceback (most recent call last):
  File "/home/prevanka/prati/su-mt-rag/mt-rag-benchmark/train_graph_enhanced_reranking_tier1.py", line 71, in <module>
    main()
    ~~~~^^
  File "/home/prevanka/prati/su-mt-rag/mt-rag-benchmark/train_graph_enhanced_reranking_tier1.py", line 33, in main
    from train_graph_enhanced_reranking import train_graph_enhanced_reranking
  File "/home/prevanka/prati/su-mt-rag/mt-rag-benchmark/train_graph_enhanced_reranking.py", line 277
    logging.info(f"Epoch {epoch+1}/{epochs}, Loss: {total_loss/len(dataloader):.4f}")
IndentationError: unexpected indent
2025-12-30 15:51:13 - Set CUDA_VISIBLE_DEVICES=2
Traceback (most recent call last):
  File "/home/prevanka/prati/su-mt-rag/mt-rag-benchmark/train_graph_enhanced_reranking_tier1.py", line 71, in <module>
    main()
    ~~~~^^
  File "/home/prevanka/prati/su-mt-rag/mt-rag-benchmark/train_graph_enhanced_reranking_tier1.py", line 33, in main
    from train_graph_enhanced_reranking import train_graph_enhanced_reranking
  File "/home/prevanka/prati/su-mt-rag/mt-rag-benchmark/train_graph_enhanced_reranking.py", line 277
    logging.info(f"Epoch {epoch+1}/{epochs}, Loss: {total_loss/len(dataloader):.4f}")
IndentationError: unexpected indent
2025-12-30 15:52:15 - Set CUDA_VISIBLE_DEVICES=2
Traceback (most recent call last):
  File "/home/prevanka/prati/su-mt-rag/mt-rag-benchmark/train_graph_enhanced_reranking_tier1.py", line 71, in <module>
    main()
    ~~~~^^
  File "/home/prevanka/prati/su-mt-rag/mt-rag-benchmark/train_graph_enhanced_reranking_tier1.py", line 33, in main
    from train_graph_enhanced_reranking import train_graph_enhanced_reranking
  File "/home/prevanka/prati/su-mt-rag/mt-rag-benchmark/train_graph_enhanced_reranking.py", line 277
    logging.info(f"Epoch {epoch+1}/{epochs}, Loss: {total_loss/len(dataloader):.4f}")
IndentationError: unexpected indent
2025-12-30 15:53:16 - Set CUDA_VISIBLE_DEVICES=2
Traceback (most recent call last):
  File "/home/prevanka/prati/su-mt-rag/mt-rag-benchmark/train_graph_enhanced_reranking_tier1.py", line 71, in <module>
    main()
    ~~~~^^
  File "/home/prevanka/prati/su-mt-rag/mt-rag-benchmark/train_graph_enhanced_reranking_tier1.py", line 33, in main
    from train_graph_enhanced_reranking import train_graph_enhanced_reranking
  File "/home/prevanka/prati/su-mt-rag/mt-rag-benchmark/train_graph_enhanced_reranking.py", line 277
    logging.info(f"Epoch {epoch+1}/{epochs}, Loss: {total_loss/len(dataloader):.4f}")
IndentationError: unexpected indent
2025-12-30 15:54:18 - Set CUDA_VISIBLE_DEVICES=2
Traceback (most recent call last):
  File "/home/prevanka/prati/su-mt-rag/mt-rag-benchmark/train_graph_enhanced_reranking_tier1.py", line 71, in <module>
    main()
    ~~~~^^
  File "/home/prevanka/prati/su-mt-rag/mt-rag-benchmark/train_graph_enhanced_reranking_tier1.py", line 33, in main
    from train_graph_enhanced_reranking import train_graph_enhanced_reranking
  File "/home/prevanka/prati/su-mt-rag/mt-rag-benchmark/train_graph_enhanced_reranking.py", line 277
    logging.info(f"Epoch {epoch+1}/{epochs}, Loss: {total_loss/len(dataloader):.4f}")
IndentationError: unexpected indent
2025-12-30 15:55:19 - Set CUDA_VISIBLE_DEVICES=2
Traceback (most recent call last):
  File "/home/prevanka/prati/su-mt-rag/mt-rag-benchmark/train_graph_enhanced_reranking_tier1.py", line 71, in <module>
    main()
    ~~~~^^
  File "/home/prevanka/prati/su-mt-rag/mt-rag-benchmark/train_graph_enhanced_reranking_tier1.py", line 33, in main
    from train_graph_enhanced_reranking import train_graph_enhanced_reranking
  File "/home/prevanka/prati/su-mt-rag/mt-rag-benchmark/train_graph_enhanced_reranking.py", line 277
    logging.info(f"Epoch {epoch+1}/{epochs}, Loss: {total_loss/len(dataloader):.4f}")
IndentationError: unexpected indent
2025-12-30 15:56:21 - Set CUDA_VISIBLE_DEVICES=2
Traceback (most recent call last):
  File "/home/prevanka/prati/su-mt-rag/mt-rag-benchmark/train_graph_enhanced_reranking_tier1.py", line 71, in <module>
    main()
    ~~~~^^
  File "/home/prevanka/prati/su-mt-rag/mt-rag-benchmark/train_graph_enhanced_reranking_tier1.py", line 33, in main
    from train_graph_enhanced_reranking import train_graph_enhanced_reranking
  File "/home/prevanka/prati/su-mt-rag/mt-rag-benchmark/train_graph_enhanced_reranking.py", line 277
    logging.info(f"Epoch {epoch+1}/{epochs}, Loss: {total_loss/len(dataloader):.4f}")
IndentationError: unexpected indent
2025-12-30 15:57:22 - Set CUDA_VISIBLE_DEVICES=2
Traceback (most recent call last):
  File "/home/prevanka/prati/su-mt-rag/mt-rag-benchmark/train_graph_enhanced_reranking_tier1.py", line 71, in <module>
    main()
    ~~~~^^
  File "/home/prevanka/prati/su-mt-rag/mt-rag-benchmark/train_graph_enhanced_reranking_tier1.py", line 33, in main
    from train_graph_enhanced_reranking import train_graph_enhanced_reranking
  File "/home/prevanka/prati/su-mt-rag/mt-rag-benchmark/train_graph_enhanced_reranking.py", line 277
    logging.info(f"Epoch {epoch+1}/{epochs}, Loss: {total_loss/len(dataloader):.4f}")
IndentationError: unexpected indent
2025-12-30 15:58:24 - Set CUDA_VISIBLE_DEVICES=2
Traceback (most recent call last):
  File "/home/prevanka/prati/su-mt-rag/mt-rag-benchmark/train_graph_enhanced_reranking_tier1.py", line 71, in <module>
    main()
    ~~~~^^
  File "/home/prevanka/prati/su-mt-rag/mt-rag-benchmark/train_graph_enhanced_reranking_tier1.py", line 33, in main
    from train_graph_enhanced_reranking import train_graph_enhanced_reranking
  File "/home/prevanka/prati/su-mt-rag/mt-rag-benchmark/train_graph_enhanced_reranking.py", line 277
    logging.info(f"Epoch {epoch+1}/{epochs}, Loss: {total_loss/len(dataloader):.4f}")
IndentationError: unexpected indent
2025-12-30 15:59:25 - Set CUDA_VISIBLE_DEVICES=2
Traceback (most recent call last):
  File "/home/prevanka/prati/su-mt-rag/mt-rag-benchmark/train_graph_enhanced_reranking_tier1.py", line 71, in <module>
    main()
    ~~~~^^
  File "/home/prevanka/prati/su-mt-rag/mt-rag-benchmark/train_graph_enhanced_reranking_tier1.py", line 33, in main
    from train_graph_enhanced_reranking import train_graph_enhanced_reranking
  File "/home/prevanka/prati/su-mt-rag/mt-rag-benchmark/train_graph_enhanced_reranking.py", line 277
    logging.info(f"Epoch {epoch+1}/{epochs}, Loss: {total_loss/len(dataloader):.4f}")
IndentationError: unexpected indent
2025-12-30 16:00:26 - Set CUDA_VISIBLE_DEVICES=2
Traceback (most recent call last):
  File "/home/prevanka/prati/su-mt-rag/mt-rag-benchmark/train_graph_enhanced_reranking_tier1.py", line 71, in <module>
    main()
    ~~~~^^
  File "/home/prevanka/prati/su-mt-rag/mt-rag-benchmark/train_graph_enhanced_reranking_tier1.py", line 33, in main
    from train_graph_enhanced_reranking import train_graph_enhanced_reranking
  File "/home/prevanka/prati/su-mt-rag/mt-rag-benchmark/train_graph_enhanced_reranking.py", line 277
    logging.info(f"Epoch {epoch+1}/{epochs}, Loss: {total_loss/len(dataloader):.4f}")
IndentationError: unexpected indent
2025-12-30 16:01:28 - Set CUDA_VISIBLE_DEVICES=2
Traceback (most recent call last):
  File "/home/prevanka/prati/su-mt-rag/mt-rag-benchmark/train_graph_enhanced_reranking_tier1.py", line 71, in <module>
    main()
    ~~~~^^
  File "/home/prevanka/prati/su-mt-rag/mt-rag-benchmark/train_graph_enhanced_reranking_tier1.py", line 33, in main
    from train_graph_enhanced_reranking import train_graph_enhanced_reranking
  File "/home/prevanka/prati/su-mt-rag/mt-rag-benchmark/train_graph_enhanced_reranking.py", line 277
    logging.info(f"Epoch {epoch+1}/{epochs}, Loss: {total_loss/len(dataloader):.4f}")
IndentationError: unexpected indent
2025-12-30 16:02:29 - Set CUDA_VISIBLE_DEVICES=2
Traceback (most recent call last):
  File "/home/prevanka/prati/su-mt-rag/mt-rag-benchmark/train_graph_enhanced_reranking_tier1.py", line 71, in <module>
    main()
    ~~~~^^
  File "/home/prevanka/prati/su-mt-rag/mt-rag-benchmark/train_graph_enhanced_reranking_tier1.py", line 33, in main
    from train_graph_enhanced_reranking import train_graph_enhanced_reranking
  File "/home/prevanka/prati/su-mt-rag/mt-rag-benchmark/train_graph_enhanced_reranking.py", line 277
    logging.info(f"Epoch {epoch+1}/{epochs}, Loss: {total_loss/len(dataloader):.4f}")
IndentationError: unexpected indent
2025-12-30 16:03:30 - Set CUDA_VISIBLE_DEVICES=2
Traceback (most recent call last):
  File "/home/prevanka/prati/su-mt-rag/mt-rag-benchmark/train_graph_enhanced_reranking_tier1.py", line 71, in <module>
    main()
    ~~~~^^
  File "/home/prevanka/prati/su-mt-rag/mt-rag-benchmark/train_graph_enhanced_reranking_tier1.py", line 33, in main
    from train_graph_enhanced_reranking import train_graph_enhanced_reranking
  File "/home/prevanka/prati/su-mt-rag/mt-rag-benchmark/train_graph_enhanced_reranking.py", line 277
    logging.info(f"Epoch {epoch+1}/{epochs}, Loss: {total_loss/len(dataloader):.4f}")
IndentationError: unexpected indent
2025-12-30 16:04:32 - Set CUDA_VISIBLE_DEVICES=2
Traceback (most recent call last):
  File "/home/prevanka/prati/su-mt-rag/mt-rag-benchmark/train_graph_enhanced_reranking_tier1.py", line 71, in <module>
    main()
    ~~~~^^
  File "/home/prevanka/prati/su-mt-rag/mt-rag-benchmark/train_graph_enhanced_reranking_tier1.py", line 33, in main
    from train_graph_enhanced_reranking import train_graph_enhanced_reranking
  File "/home/prevanka/prati/su-mt-rag/mt-rag-benchmark/train_graph_enhanced_reranking.py", line 277
    logging.info(f"Epoch {epoch+1}/{epochs}, Loss: {total_loss/len(dataloader):.4f}")
IndentationError: unexpected indent
2025-12-30 16:05:33 - Set CUDA_VISIBLE_DEVICES=2
Traceback (most recent call last):
  File "/home/prevanka/prati/su-mt-rag/mt-rag-benchmark/train_graph_enhanced_reranking_tier1.py", line 71, in <module>
    main()
    ~~~~^^
  File "/home/prevanka/prati/su-mt-rag/mt-rag-benchmark/train_graph_enhanced_reranking_tier1.py", line 33, in main
    from train_graph_enhanced_reranking import train_graph_enhanced_reranking
  File "/home/prevanka/prati/su-mt-rag/mt-rag-benchmark/train_graph_enhanced_reranking.py", line 277
    logging.info(f"Epoch {epoch+1}/{epochs}, Loss: {total_loss/len(dataloader):.4f}")
IndentationError: unexpected indent
2025-12-30 16:06:35 - Set CUDA_VISIBLE_DEVICES=2
Traceback (most recent call last):
  File "/home/prevanka/prati/su-mt-rag/mt-rag-benchmark/train_graph_enhanced_reranking_tier1.py", line 71, in <module>
    main()
    ~~~~^^
  File "/home/prevanka/prati/su-mt-rag/mt-rag-benchmark/train_graph_enhanced_reranking_tier1.py", line 33, in main
    from train_graph_enhanced_reranking import train_graph_enhanced_reranking
  File "/home/prevanka/prati/su-mt-rag/mt-rag-benchmark/train_graph_enhanced_reranking.py", line 277
    logging.info(f"Epoch {epoch+1}/{epochs}, Loss: {total_loss/len(dataloader):.4f}")
IndentationError: unexpected indent
2025-12-30 16:07:36 - Set CUDA_VISIBLE_DEVICES=2
Traceback (most recent call last):
  File "/home/prevanka/prati/su-mt-rag/mt-rag-benchmark/train_graph_enhanced_reranking_tier1.py", line 71, in <module>
    main()
    ~~~~^^
  File "/home/prevanka/prati/su-mt-rag/mt-rag-benchmark/train_graph_enhanced_reranking_tier1.py", line 33, in main
    from train_graph_enhanced_reranking import train_graph_enhanced_reranking
  File "/home/prevanka/prati/su-mt-rag/mt-rag-benchmark/train_graph_enhanced_reranking.py", line 277
    logging.info(f"Epoch {epoch+1}/{epochs}, Loss: {total_loss/len(dataloader):.4f}")
IndentationError: unexpected indent
2025-12-30 16:08:37 - Set CUDA_VISIBLE_DEVICES=2
Traceback (most recent call last):
  File "/home/prevanka/prati/su-mt-rag/mt-rag-benchmark/train_graph_enhanced_reranking_tier1.py", line 71, in <module>
    main()
    ~~~~^^
  File "/home/prevanka/prati/su-mt-rag/mt-rag-benchmark/train_graph_enhanced_reranking_tier1.py", line 33, in main
    from train_graph_enhanced_reranking import train_graph_enhanced_reranking
  File "/home/prevanka/prati/su-mt-rag/mt-rag-benchmark/train_graph_enhanced_reranking.py", line 277
    logging.info(f"Epoch {epoch+1}/{epochs}, Loss: {total_loss/len(dataloader):.4f}")
IndentationError: unexpected indent
2025-12-30 16:09:39 - Set CUDA_VISIBLE_DEVICES=2
Traceback (most recent call last):
  File "/home/prevanka/prati/su-mt-rag/mt-rag-benchmark/train_graph_enhanced_reranking_tier1.py", line 71, in <module>
    main()
    ~~~~^^
  File "/home/prevanka/prati/su-mt-rag/mt-rag-benchmark/train_graph_enhanced_reranking_tier1.py", line 33, in main
    from train_graph_enhanced_reranking import train_graph_enhanced_reranking
  File "/home/prevanka/prati/su-mt-rag/mt-rag-benchmark/train_graph_enhanced_reranking.py", line 277
    logging.info(f"Epoch {epoch+1}/{epochs}, Loss: {total_loss/len(dataloader):.4f}")
IndentationError: unexpected indent
2025-12-30 16:10:40 - Set CUDA_VISIBLE_DEVICES=2
Traceback (most recent call last):
  File "/home/prevanka/prati/su-mt-rag/mt-rag-benchmark/train_graph_enhanced_reranking_tier1.py", line 71, in <module>
    main()
    ~~~~^^
  File "/home/prevanka/prati/su-mt-rag/mt-rag-benchmark/train_graph_enhanced_reranking_tier1.py", line 33, in main
    from train_graph_enhanced_reranking import train_graph_enhanced_reranking
  File "/home/prevanka/prati/su-mt-rag/mt-rag-benchmark/train_graph_enhanced_reranking.py", line 277
    logging.info(f"Epoch {epoch+1}/{epochs}, Loss: {total_loss/len(dataloader):.4f}")
IndentationError: unexpected indent
2025-12-30 16:11:42 - Set CUDA_VISIBLE_DEVICES=2
Traceback (most recent call last):
  File "/home/prevanka/prati/su-mt-rag/mt-rag-benchmark/train_graph_enhanced_reranking_tier1.py", line 71, in <module>
    main()
    ~~~~^^
  File "/home/prevanka/prati/su-mt-rag/mt-rag-benchmark/train_graph_enhanced_reranking_tier1.py", line 33, in main
    from train_graph_enhanced_reranking import train_graph_enhanced_reranking
  File "/home/prevanka/prati/su-mt-rag/mt-rag-benchmark/train_graph_enhanced_reranking.py", line 277
    logging.info(f"Epoch {epoch+1}/{epochs}, Loss: {total_loss/len(dataloader):.4f}")
IndentationError: unexpected indent
2025-12-30 16:12:43 - Set CUDA_VISIBLE_DEVICES=2
Traceback (most recent call last):
  File "/home/prevanka/prati/su-mt-rag/mt-rag-benchmark/train_graph_enhanced_reranking_tier1.py", line 71, in <module>
    main()
    ~~~~^^
  File "/home/prevanka/prati/su-mt-rag/mt-rag-benchmark/train_graph_enhanced_reranking_tier1.py", line 33, in main
    from train_graph_enhanced_reranking import train_graph_enhanced_reranking
  File "/home/prevanka/prati/su-mt-rag/mt-rag-benchmark/train_graph_enhanced_reranking.py", line 277
    logging.info(f"Epoch {epoch+1}/{epochs}, Loss: {total_loss/len(dataloader):.4f}")
IndentationError: unexpected indent
2025-12-30 16:13:45 - Set CUDA_VISIBLE_DEVICES=2
Traceback (most recent call last):
  File "/home/prevanka/prati/su-mt-rag/mt-rag-benchmark/train_graph_enhanced_reranking_tier1.py", line 71, in <module>
    main()
    ~~~~^^
  File "/home/prevanka/prati/su-mt-rag/mt-rag-benchmark/train_graph_enhanced_reranking_tier1.py", line 33, in main
    from train_graph_enhanced_reranking import train_graph_enhanced_reranking
  File "/home/prevanka/prati/su-mt-rag/mt-rag-benchmark/train_graph_enhanced_reranking.py", line 277
    logging.info(f"Epoch {epoch+1}/{epochs}, Loss: {total_loss/len(dataloader):.4f}")
IndentationError: unexpected indent
2025-12-30 16:14:46 - Set CUDA_VISIBLE_DEVICES=3
Traceback (most recent call last):
  File "/home/prevanka/prati/su-mt-rag/mt-rag-benchmark/train_graph_enhanced_reranking_tier1.py", line 71, in <module>
    main()
    ~~~~^^
  File "/home/prevanka/prati/su-mt-rag/mt-rag-benchmark/train_graph_enhanced_reranking_tier1.py", line 33, in main
    from train_graph_enhanced_reranking import train_graph_enhanced_reranking
  File "/home/prevanka/prati/su-mt-rag/mt-rag-benchmark/train_graph_enhanced_reranking.py", line 277
    logging.info(f"Epoch {epoch+1}/{epochs}, Loss: {total_loss/len(dataloader):.4f}")
IndentationError: unexpected indent
