2025-12-19 22:14:43 - Set CUDA_VISIBLE_DEVICES=2 (overriding any existing value)
2025-12-19 22:14:47 - CUDA_VISIBLE_DEVICES=2 (set before torch import)
2025-12-19 22:14:48 - Device: cuda, Using GPU 0 (NVIDIA GeForce RTX 3090)
2025-12-19 22:14:48 - CUDA_VISIBLE_DEVICES=2, GPU will appear as device 0 to PyTorch
2025-12-19 22:14:48 - Loading base model: BAAI/bge-base-en-v1.5
2025-12-19 22:14:48 - Use pytorch device_name: cuda:0
2025-12-19 22:14:48 - Load pretrained SentenceTransformer: BAAI/bge-base-en-v1.5
/home/prevanka/prati/su-mt-rag/mt-rag-benchmark/train_enhanced_contrastive_hardnegatives.py:248: FutureWarning: `torch.cuda.amp.GradScaler(args...)` is deprecated. Please use `torch.amp.GradScaler('cuda', args...)` instead.
  scaler = GradScaler()
2025-12-19 22:14:49 - Mixed precision training (FP16) enabled
2025-12-19 22:14:49 - 
============================================================
2025-12-19 22:14:49 - Training on domain: clapnq
2025-12-19 22:14:49 - ============================================================
2025-12-19 22:14:49 - Loading Corpus...
  0%|          | 0/183408 [00:00<?, ?it/s]  6%|▌         | 10923/183408 [00:00<00:01, 108954.75it/s] 12%|█▏        | 21881/183408 [00:00<00:01, 109315.18it/s] 18%|█▊        | 32813/183408 [00:00<00:01, 108752.66it/s] 26%|██▌       | 47382/183408 [00:00<00:01, 123282.45it/s] 36%|███▌      | 65691/183408 [00:00<00:00, 144798.23it/s] 46%|████▌     | 83677/183408 [00:00<00:00, 156697.41it/s] 54%|█████▍    | 99354/183408 [00:00<00:01, 83873.30it/s]  64%|██████▍   | 117409/183408 [00:01<00:00, 103188.51it/s] 73%|███████▎  | 134669/183408 [00:01<00:00, 118599.25it/s] 82%|████████▏ | 149616/183408 [00:01<00:00, 125366.11it/s] 91%|█████████ | 166236/183408 [00:01<00:00, 135775.45it/s] 99%|█████████▉| 181998/183408 [00:01<00:00, 141605.83it/s]100%|██████████| 183408/183408 [00:01<00:00, 124076.27it/s]
2025-12-19 22:14:51 - Loaded 183408 Documents.
2025-12-19 22:14:51 - Doc Example: {'text': 'French Revolution\nAfter the Thermidorian Reaction , an executive council known as the Directory assumed control of the French state in 1795 . They suspended elections , repudiated debt - resulting in financial instability , persecuted the Catholic clergy , and made significant military conquests abroad . Dogged by charges of corruption , the Directory collapsed in a coup led by Napoleon Bonaparte in 1799 . Napoleon , who became the hero of the Revolution through his popular military campaigns , established the Consulate and later the First Empire , setting the stage for a wider array of global conflicts in the Napoleonic Wars .', 'title': 'French Revolution'}
2025-12-19 22:14:51 - Loading Queries...
2025-12-19 22:14:51 - Loaded 145 Queries.
2025-12-19 22:14:51 - Query Example: |user|: Where do guinea pigs sleep in the wild?
|user|: What do guinea pigs eat?
2025-12-19 22:14:51 - Created 401 positive pairs for clapnq
/home/prevanka/prati/su-mt-rag/mt-rag-benchmark/train_enhanced_contrastive_hardnegatives.py:772: FutureWarning: `torch.cuda.amp.autocast(args...)` is deprecated. Please use `torch.amp.autocast('cuda', args...)` instead.
  with autocast():
2025-12-19 22:39:46 - Processed 2 negative embeddings but have 1 queries
2025-12-19 22:39:46 - Neg counts: [1, 1], total: 2
2025-12-19 22:39:46 - Failed: Processed 2 negative embeddings but expected 1
Traceback (most recent call last):
  File "/home/prevanka/prati/su-mt-rag/mt-rag-benchmark/train_enhanced_contrastive_tier1.py", line 60, in main
    results_path = train_enhanced_contrastive(config, gpu_id=args.gpu)
  File "/home/prevanka/prati/su-mt-rag/mt-rag-benchmark/train_enhanced_contrastive_hardnegatives.py", line 756, in train_enhanced_contrastive
    raise ValueError(f"Processed {len(neg_embs_list)} negative embeddings but expected {len(queries_batch)}")
ValueError: Processed 2 negative embeddings but expected 1
Traceback (most recent call last):
  File "/home/prevanka/prati/su-mt-rag/mt-rag-benchmark/train_enhanced_contrastive_tier1.py", line 76, in <module>
    main()
    ~~~~^^
  File "/home/prevanka/prati/su-mt-rag/mt-rag-benchmark/train_enhanced_contrastive_tier1.py", line 60, in main
    results_path = train_enhanced_contrastive(config, gpu_id=args.gpu)
  File "/home/prevanka/prati/su-mt-rag/mt-rag-benchmark/train_enhanced_contrastive_hardnegatives.py", line 756, in train_enhanced_contrastive
    raise ValueError(f"Processed {len(neg_embs_list)} negative embeddings but expected {len(queries_batch)}")
ValueError: Processed 2 negative embeddings but expected 1
