============================================================
Auto-Retry: phase4_bge_large
============================================================
Waiting for GPU 2 to become available...
   Still waiting... (waited 0s, GPU 2 still in use)
   Still waiting... (waited 30s, GPU 2 still in use)
   Still waiting... (waited 60s, GPU 2 still in use)
   Still waiting... (waited 90s, GPU 2 still in use)
   Still waiting... (waited 120s, GPU 2 still in use)
   Still waiting... (waited 150s, GPU 2 still in use)
   Still waiting... (waited 180s, GPU 2 still in use)
   Still waiting... (waited 210s, GPU 2 still in use)
   Still waiting... (waited 240s, GPU 2 still in use)
   Still waiting... (waited 270s, GPU 2 still in use)
   Still waiting... (waited 300s, GPU 2 still in use)
   Still waiting... (waited 330s, GPU 2 still in use)
   Still waiting... (waited 360s, GPU 2 still in use)
   Still waiting... (waited 390s, GPU 2 still in use)
   Still waiting... (waited 420s, GPU 2 still in use)
   Still waiting... (waited 450s, GPU 2 still in use)
   Still waiting... (waited 480s, GPU 2 still in use)
   Still waiting... (waited 510s, GPU 2 still in use)
   Still waiting... (waited 540s, GPU 2 still in use)
   Still waiting... (waited 570s, GPU 2 still in use)
   Still waiting... (waited 600s, GPU 2 still in use)
   Still waiting... (waited 630s, GPU 2 still in use)
   Still waiting... (waited 660s, GPU 2 still in use)
   Still waiting... (waited 690s, GPU 2 still in use)
   Still waiting... (waited 720s, GPU 2 still in use)
   Still waiting... (waited 750s, GPU 2 still in use)
   Still waiting... (waited 780s, GPU 2 still in use)
   Still waiting... (waited 810s, GPU 2 still in use)
   Still waiting... (waited 840s, GPU 2 still in use)
   Still waiting... (waited 870s, GPU 2 still in use)
   Still waiting... (waited 900s, GPU 2 still in use)
   Still waiting... (waited 930s, GPU 2 still in use)
   Still waiting... (waited 960s, GPU 2 still in use)
   Still waiting... (waited 990s, GPU 2 still in use)
   Still waiting... (waited 1020s, GPU 2 still in use)
   Still waiting... (waited 1050s, GPU 2 still in use)
   Still waiting... (waited 1080s, GPU 2 still in use)
   Still waiting... (waited 1110s, GPU 2 still in use)
   Still waiting... (waited 1140s, GPU 2 still in use)
   Still waiting... (waited 1170s, GPU 2 still in use)
   Still waiting... (waited 1200s, GPU 2 still in use)
   Still waiting... (waited 1230s, GPU 2 still in use)
   Still waiting... (waited 1260s, GPU 2 still in use)
   Still waiting... (waited 1290s, GPU 2 still in use)
   Still waiting... (waited 1320s, GPU 2 still in use)
   Still waiting... (waited 1350s, GPU 2 still in use)
   Still waiting... (waited 1380s, GPU 2 still in use)
   Still waiting... (waited 1410s, GPU 2 still in use)
   Still waiting... (waited 1440s, GPU 2 still in use)
   Still waiting... (waited 1470s, GPU 2 still in use)
   Still waiting... (waited 1500s, GPU 2 still in use)
   Still waiting... (waited 1530s, GPU 2 still in use)
   Still waiting... (waited 1560s, GPU 2 still in use)
   Still waiting... (waited 1590s, GPU 2 still in use)
   Still waiting... (waited 1620s, GPU 2 still in use)
   Still waiting... (waited 1650s, GPU 2 still in use)
   Still waiting... (waited 1680s, GPU 2 still in use)
   Still waiting... (waited 1710s, GPU 2 still in use)
   Still waiting... (waited 1740s, GPU 2 still in use)
   Still waiting... (waited 1770s, GPU 2 still in use)
   Still waiting... (waited 1800s, GPU 2 still in use)
   Still waiting... (waited 1830s, GPU 2 still in use)
   Still waiting... (waited 1860s, GPU 2 still in use)
   Still waiting... (waited 1890s, GPU 2 still in use)
   Still waiting... (waited 1920s, GPU 2 still in use)
   Still waiting... (waited 1950s, GPU 2 still in use)
   Still waiting... (waited 1980s, GPU 2 still in use)
   Still waiting... (waited 2010s, GPU 2 still in use)
   Still waiting... (waited 2040s, GPU 2 still in use)
   Still waiting... (waited 2070s, GPU 2 still in use)
   Still waiting... (waited 2100s, GPU 2 still in use)
   Still waiting... (waited 2130s, GPU 2 still in use)
   Still waiting... (waited 2160s, GPU 2 still in use)

✅ GPU 2 is now free! Starting experiment...
🚀 Starting phase4_bge_large on GPU 2
   Command: /home/prevanka/prati/su-mt-rag/mt-rag-benchmark/venv/bin/python3 train_advanced_bge.py --config experiments/retrieval/phase4_bge_large/config.json
   ✅ Started (PID: 1970828)

✅ Successfully started experiment (PID: 1970828)
Monitor with: tail -f experiments/retrieval/phase4_bge_large/training.log
